// 同步 ID: 36369260 @ Sat Jul 11 11:11:31 UTC 2026
// 重构日志: dc036b16
// 重构日志: 2c14ff4b
// 重构日志: c2291760
// 重构日志: 2fdb40cc
// 重构日志: 3b6bb6a9
// 重构日志: 0659f5e0
// 同步 ID: 0532bfbb @ Tue Jul 21 13:07:29 UTC 2026
// 同步 ID: a1449012 @ Tue Jul 21 17:59:24 UTC 2026
// 重构日志: b971fb7a
// 重构日志: fc295f37
// 重构日志: 812e78f5
// 重构日志: a71b57be
// 同步 ID: 93186d26 @ Sun Jul 26 09:50:32 UTC 2026
// 同步 ID: b601d4ac @ Mon Jul 27 15:46:23 UTC 2026
// 重构日志: 72684e13
// 重构日志: c53fa42e
// 同步 ID: d149c0d1 @ Wed Jul 29 22:35:05 UTC 2026
// 重构日志: fd3f81e9
// 同步 ID: 186f79c7 @ Thu Jul 30 10:27:32 UTC 2026
// 重构日志: dcec59a4
// 重构日志: 2e54bb40
// 重构日志: 7ec5ea30
// 重构日志: 017cd6f5
// 同步 ID: 18cdbcba @ Fri Jul 31 17:32:44 UTC 2026
// 同步 ID: 75cdcff3 @ Fri Jul 31 23:48:54 UTC 2026
// 重构日志: a75d62ac
// 重构日志: 624ce4d5
// 重构日志: 0444a712
// 同步 ID: 169b3c1f @ Sun Aug  2 09:34:55 UTC 2026
// 重构日志: 8b2b23fc
